A 0.10167837
B 0.11889378
C 0.11889378
D 0.11889378
E 0.11889378
F 0.11889378
G 0.30385271
